// Jest Snapshot v1, https://goo.gl/fbAQLP

exports[`renders home correctly 1`] = `
"<!DOCTYPE html>
<html>
  <head>
    <meta charset=\\"UTF-8\\">
    <title>Daily Mood Tracker</title>
    <link rel=\\"stylesheet\\" type=\\"text/css\\"   href=\\"/css/dailymoodtracker.css\\">
    <link rel=\\"stylesheet\\" type=\\"text/css\\"   href=\\"/css/bootstrap.css\\">
  </head>
  <body>

    <header>
      <h1 class=\\"logo\\">Daily Mood Tracker</h1>

      <nav>
          <div class=\\"nav-elements\\">
            <a class=\\"nav-element\\" href=\\"questionnaire\\">Neuer Eintrag</a>
            <a class=\\"nav-element\\" href=\\"statistics\\">Mein Stimmungsverlauf</a>
            <a class=\\"nav-element\\">Einstellungen</a>
            <a class=\\"nav-element\\">Abmelden</a>
          </div>
      </nav>

    </header>

    <link rel=\\"stylesheet\\" type=\\"text/css\\"   href=\\"/css/dailymoodtracker.css\\">
<link rel=\\"stylesheet\\" type=\\"text/css\\"   href=\\"/css/bootstrap.css\\">

<h2> Die Seite kann nicht angezeigt werden! </h2>

<p>Die gewünschte Seite ist zurzeit nicht verfügbar.
Möglicherweise sind technische Schwierigkeiten aufgetreten
oder die gesuchte Seite wurde entfernt.</p>

<ul>
 <li> <a href=\\"http://www.example.com\\"> Zur Startseite wechseln </a>
 <li> <a href=\\"javascript: history.back()\\"> Eine Seite zurück </a>
 <li> <a href=\\"mailto:my@example.com\\"> E-Mail an den Webmaster senden </a>
</ul>

    <div class=\\"footer\\">FOOTER</div>
  </body>
</html>
"
`;
