<!DOCTYPE html>
<html>
  <head>
    <meta charset="UTF-8">
    <title>Daily Mood Tracker</title>
    <link rel="stylesheet" type="text/css"   href="/css/dailymoodtracker.css">
    <link rel="stylesheet" type="text/css"   href="/css/bootstrap.css">
  </head>
  <body>

    <header>
      <h1 class="logo">Daily Mood Tracker</h1>

      <nav>
          <div class="nav-elements">
            <a class="nav-element" href="questionnaire">Neuer Eintrag</a>
            <a class="nav-element" href="statistics">Mein Stimmungsverlauf</a>
            <a class="nav-element">Einstellungen</a>
            <a class="nav-element">Abmelden</a>
          </div>
      </nav>

    </header>

    <body>

    <h1> Hello and welcome! <%= name %> </h1>

    <%- include('partials/notification'); %>

    <div class="footer">FOOTER</div>
  </body>
</html>